// Jest Snapshot v1, https://goo.gl/fbAQLP

exports[`Navigation links should have attrgibute href 1`] = `
<div>
  <header
    class="header__section bg-image-position"
  >
    <div>
      <div
        class="header__title-box"
      >
        <h1
          class="header__title"
        >
          Rick and Morty
        </h1>
      </div>
      <nav
        class="navbox"
        data-testid="navigation"
      >
        <a
          class="nav  "
          data-testid="Home"
          href="/"
        >
          <p
            class="nav__text "
          >
            Home
          </p>
        </a>
        <a
          class="nav  "
          data-testid="Locations"
          href="/locations"
        >
          <p
            class="nav__text "
          >
            Locations
          </p>
        </a>
        <a
          class="nav  "
          data-testid="Search"
          href="/search"
        >
          <p
            class="nav__text "
          >
            Search
          </p>
        </a>
      </nav>
    </div>
  </header>
</div>
`;
