// Jest Snapshot v1, https://goo.gl/fbAQLP

exports[`Navigation links should have attrgibute href 1`] = `
<div>
  <header
    class="header__section"
  >
    <div>
      <h1
        class="header__title shadow-table"
      >
        Rick and Morty
      </h1>
      <nav
        class="mt-3"
        data-testid="navigation"
      >
        <a
          class="nav  "
          data-testid="Home"
          href="/"
        >
          <p
            class="hover:drop-shadow-nav "
          >
            Home
          </p>
        </a>
        <a
          class="nav  "
          data-testid="Locations"
          href="/locations"
        >
          <p
            class="hover:drop-shadow-nav "
          >
            Locations
          </p>
        </a>
        <a
          class="nav  "
          data-testid="Search"
          href="/search"
        >
          <p
            class="hover:drop-shadow-nav "
          >
            Search
          </p>
        </a>
      </nav>
    </div>
  </header>
</div>
`;
